============================= test session starts =============================
platform win32 -- Python 3.13.7, pytest-9.0.2, pluggy-1.6.0 -- C:\Users\j\OneDrive\Desktop\incubyte\backend\venv\Scripts\python.exe
cachedir: .pytest_cache
rootdir: C:\Users\j\OneDrive\Desktop\incubyte\backend
configfile: pytest.ini
plugins: anyio-4.12.0, asyncio-1.3.0, cov-7.0.0
asyncio: mode=Mode.AUTO, debug=False, asyncio_default_fixture_loop_scope=None, asyncio_default_test_loop_scope=function
collecting ... collected 1 item

tests/test_auth.py::test_register_user_success FAILED                    [100%]

================================== FAILURES ===================================
_________________________ test_register_user_success __________________________
tests\test_auth.py:11: in test_register_user_success
    response = await client.post(
venv\Lib\site-packages\httpx\_client.py:1859: in post
    return await self.request(
venv\Lib\site-packages\httpx\_client.py:1540: in request
    return await self.send(request, auth=auth, follow_redirects=follow_redirects)
           ^^^^^^^^^^^^^^^^^^^^^^^^^^^^^^^^^^^^^^^^^^^^^^^^^^^^^^^^^^^^^^^^^^^^^^
venv\Lib\site-packages\httpx\_client.py:1629: in send
    response = await self._send_handling_auth(
venv\Lib\site-packages\httpx\_client.py:1657: in _send_handling_auth
    response = await self._send_handling_redirects(
venv\Lib\site-packages\httpx\_client.py:1694: in _send_handling_redirects
    response = await self._send_single_request(request)
               ^^^^^^^^^^^^^^^^^^^^^^^^^^^^^^^^^^^^^^^^
venv\Lib\site-packages\httpx\_client.py:1730: in _send_single_request
    response = await transport.handle_async_request(request)
               ^^^^^^^^^^^^^^^^^^^^^^^^^^^^^^^^^^^^^^^^^^^^^
venv\Lib\site-packages\httpx\_transports\asgi.py:170: in handle_async_request
    await self.app(scope, receive, send)
venv\Lib\site-packages\fastapi\applications.py:1139: in __call__
    await super().__call__(scope, receive, send)
venv\Lib\site-packages\starlette\applications.py:107: in __call__
    await self.middleware_stack(scope, receive, send)
venv\Lib\site-packages\starlette\middleware\errors.py:186: in __call__
    raise exc
venv\Lib\site-packages\starlette\middleware\errors.py:164: in __call__
    await self.app(scope, receive, _send)
venv\Lib\site-packages\starlette\middleware\cors.py:85: in __call__
    await self.app(scope, receive, send)
venv\Lib\site-packages\starlette\middleware\exceptions.py:63: in __call__
    await wrap_app_handling_exceptions(self.app, conn)(scope, receive, send)
venv\Lib\site-packages\starlette\_exception_handler.py:53: in wrapped_app
    raise exc
venv\Lib\site-packages\starlette\_exception_handler.py:42: in wrapped_app
    await app(scope, receive, sender)
venv\Lib\site-packages\fastapi\middleware\asyncexitstack.py:18: in __call__
    await self.app(scope, receive, send)
venv\Lib\site-packages\starlette\routing.py:716: in __call__
    await self.middleware_stack(scope, receive, send)
venv\Lib\site-packages\starlette\routing.py:736: in app
    await route.handle(scope, receive, send)
venv\Lib\site-packages\starlette\routing.py:290: in handle
    await self.app(scope, receive, send)
venv\Lib\site-packages\fastapi\routing.py:120: in app
    await wrap_app_handling_exceptions(app, request)(scope, receive, send)
venv\Lib\site-packages\starlette\_exception_handler.py:53: in wrapped_app
    raise exc
venv\Lib\site-packages\starlette\_exception_handler.py:42: in wrapped_app
    await app(scope, receive, sender)
venv\Lib\site-packages\fastapi\routing.py:106: in app
    response = await f(request)
               ^^^^^^^^^^^^^^^^
venv\Lib\site-packages\fastapi\routing.py:430: in app
    raw_response = await run_endpoint_function(
venv\Lib\site-packages\fastapi\routing.py:316: in run_endpoint_function
    return await dependant.call(**values)
           ^^^^^^^^^^^^^^^^^^^^^^^^^^^^^^
app\routers\auth.py:22: in register
    user = await register_user(user_data)
           ^^^^^^^^^^^^^^^^^^^^^^^^^^^^^^
app\services\auth_service.py:34: in register_user
    password_hash = hash_password(user_data.password)
                    ^^^^^^^^^^^^^^^^^^^^^^^^^^^^^^^^^
app\utils\password.py:20: in hash_password
    return pwd_context.hash(password)
           ^^^^^^^^^^^^^^^^^^^^^^^^^^
venv\Lib\site-packages\passlib\context.py:2258: in hash
    return record.hash(secret, **kwds)
           ^^^^^^^^^^^^^^^^^^^^^^^^^^^
venv\Lib\site-packages\passlib\utils\handlers.py:779: in hash
    self.checksum = self._calc_checksum(secret)
                    ^^^^^^^^^^^^^^^^^^^^^^^^^^^
venv\Lib\site-packages\passlib\handlers\bcrypt.py:591: in _calc_checksum
    self._stub_requires_backend()
venv\Lib\site-packages\passlib\utils\handlers.py:2254: in _stub_requires_backend
    cls.set_backend()
venv\Lib\site-packages\passlib\utils\handlers.py:2156: in set_backend
    return owner.set_backend(name, dryrun=dryrun)
           ^^^^^^^^^^^^^^^^^^^^^^^^^^^^^^^^^^^^^^
venv\Lib\site-packages\passlib\utils\handlers.py:2163: in set_backend
    return cls.set_backend(name, dryrun=dryrun)
           ^^^^^^^^^^^^^^^^^^^^^^^^^^^^^^^^^^^^
venv\Lib\site-packages\passlib\utils\handlers.py:2188: in set_backend
    cls._set_backend(name, dryrun)
venv\Lib\site-packages\passlib\utils\handlers.py:2311: in _set_backend
    super(SubclassBackendMixin, cls)._set_backend(name, dryrun)
venv\Lib\site-packages\passlib\utils\handlers.py:2224: in _set_backend
    ok = loader(**kwds)
         ^^^^^^^^^^^^^^
venv\Lib\site-packages\passlib\handlers\bcrypt.py:626: in _load_backend_mixin
    return mixin_cls._finalize_backend_mixin(name, dryrun)
           ^^^^^^^^^^^^^^^^^^^^^^^^^^^^^^^^^^^^^^^^^^^^^^^
venv\Lib\site-packages\passlib\handlers\bcrypt.py:421: in _finalize_backend_mixin
    if detect_wrap_bug(IDENT_2A):
       ^^^^^^^^^^^^^^^^^^^^^^^^^
venv\Lib\site-packages\passlib\handlers\bcrypt.py:380: in detect_wrap_bug
    if verify(secret, bug_hash):
       ^^^^^^^^^^^^^^^^^^^^^^^^
venv\Lib\site-packages\passlib\utils\handlers.py:792: in verify
    return consteq(self._calc_checksum(secret), chk)
                   ^^^^^^^^^^^^^^^^^^^^^^^^^^^
venv\Lib\site-packages\passlib\handlers\bcrypt.py:655: in _calc_checksum
    hash = _bcrypt.hashpw(secret, config)
           ^^^^^^^^^^^^^^^^^^^^^^^^^^^^^^
E   ValueError: password cannot be longer than 72 bytes, truncate manually if necessary (e.g. my_password[:72])
------------------------------ Captured log call ------------------------------
WARNING  passlib.handlers.bcrypt:bcrypt.py:622 (trapped) error reading bcrypt version
Traceback (most recent call last):
  File "C:\Users\j\OneDrive\Desktop\incubyte\backend\venv\Lib\site-packages\passlib\handlers\bcrypt.py", line 620, in _load_backend_mixin
    version = _bcrypt.__about__.__version__
              ^^^^^^^^^^^^^^^^^
AttributeError: module 'bcrypt' has no attribute '__about__'
============================== warnings summary ===============================
app\models\user.py:10
  C:\Users\j\OneDrive\Desktop\incubyte\backend\app\models\user.py:10: PydanticDeprecatedSince20: Support for class-based `config` is deprecated, use ConfigDict instead. Deprecated in Pydantic V2.0 to be removed in V3.0. See Pydantic V2 Migration Guide at https://errors.pydantic.dev/2.12/migration/
    class User(Document):

app\models\sweet.py:10
  C:\Users\j\OneDrive\Desktop\incubyte\backend\app\models\sweet.py:10: PydanticDeprecatedSince20: Support for class-based `config` is deprecated, use ConfigDict instead. Deprecated in Pydantic V2.0 to be removed in V3.0. See Pydantic V2 Migration Guide at https://errors.pydantic.dev/2.12/migration/
    class Sweet(Document):

tests/test_auth.py::test_register_user_success
  C:\Users\j\OneDrive\Desktop\incubyte\backend\app\config\database.py:10: PydanticDeprecatedSince20: Support for class-based `config` is deprecated, use ConfigDict instead. Deprecated in Pydantic V2.0 to be removed in V3.0. See Pydantic V2 Migration Guide at https://errors.pydantic.dev/2.12/migration/
    class Settings(BaseSettings):

tests/test_auth.py::test_register_user_success
  C:\Users\j\OneDrive\Desktop\incubyte\backend\app\schemas\user.py:22: PydanticDeprecatedSince20: Support for class-based `config` is deprecated, use ConfigDict instead. Deprecated in Pydantic V2.0 to be removed in V3.0. See Pydantic V2 Migration Guide at https://errors.pydantic.dev/2.12/migration/
    class UserResponse(BaseModel):

tests/test_auth.py::test_register_user_success
  C:\Users\j\OneDrive\Desktop\incubyte\backend\app\schemas\sweet.py:29: PydanticDeprecatedSince20: Support for class-based `config` is deprecated, use ConfigDict instead. Deprecated in Pydantic V2.0 to be removed in V3.0. See Pydantic V2 Migration Guide at https://errors.pydantic.dev/2.12/migration/
    class SweetResponse(BaseModel):

-- Docs: https://docs.pytest.org/en/stable/how-to/capture-warnings.html
=============================== tests coverage ================================
_______________ coverage: platform win32, python 3.13.7-final-0 _______________

Name                             Stmts   Miss  Cover   Missing
--------------------------------------------------------------
app\__init__.py                      0      0   100%
app\config\__init__.py               0      0   100%
app\config\database.py              26      9    65%   35-46, 52-54
app\main.py                         20      5    75%   15-18, 46, 56
app\middleware\__init__.py           0      0   100%
app\middleware\auth.py              23     14    39%   30-59, 77-83
app\models\__init__.py               0      0   100%
app\models\sweet.py                 17      0   100%
app\models\user.py                  15      0   100%
app\routers\__init__.py              0      0   100%
app\routers\auth.py                 11      2    82%   23, 43
app\routers\sweets.py               34     13    62%   29-30, 54-55, 92-93, 126-127, 155, 175-176, 206-207
app\schemas\__init__.py              0      0   100%
app\schemas\sweet.py                33      0   100%
app\schemas\user.py                 24      0   100%
app\services\__init__.py             0      0   100%
app\services\auth_service.py        22     10    55%   28, 37-44, 61-75, 88
app\services\sweets_service.py      56     43    23%   21-23, 33, 54-70, 86-95, 115-123, 139-141, 158-168, 185-188
app\utils\__init__.py                0      0   100%
app\utils\jwt.py                    18     12    33%   21-31, 44-48
app\utils\password.py                6      1    83%   34
--------------------------------------------------------------
TOTAL                              305    109    64%
Coverage HTML written to dir htmlcov
=========================== short test summary info ===========================
FAILED tests/test_auth.py::test_register_user_success - ValueError: password cannot be longer than 72 bytes, truncate manually if necessary (e.g. my_password[:72])
======================== 1 failed, 5 warnings in 1.84s ========================
